# serializer version: 1
# name: Test_ExtendedDeviceEntry.test_to_dict
  dict({
    'area.floor.id': 'device_floor',
    'area.floor.name': 'device floor',
    'area.id': 'device_area',
    'area.name': 'device area',
    'id': 'very_unique_device_id',
    'labels': list([
      'device label 1',
      'device label 2',
      'device label 3',
    ]),
    'name': 'device name',
  })
# ---
# name: Test_ExtendedRegistryEntry.test_to_dict
  dict({
    'area': dict({
      'floor': dict({
        'id': 'entity_floor',
        'name': 'entity floor',
      }),
      'id': 'entity_area',
      'name': 'entity area',
    }),
    'device': dict({
      'area': dict({
        'floor': dict({
          'id': 'device_floor',
          'name': 'device floor',
        }),
        'id': 'device_area',
        'name': 'device area',
      }),
      'id': 'very_unique_device_id',
      'labels': list([
        'device label 1',
        'device label 2',
        'device label 3',
      ]),
      'name': 'device name',
    }),
    'device_class': 'user-modified entity device class',
    'domain': 'counter',
    'id': 'counter.entity_object_id',
    'labels': list([
      'entity label 1',
      'entity label 2',
      'entity label 3',
    ]),
    'name': 'user-modified entity name',
    'platform': 'entity platform',
    'unit_of_measurement': 'Mbit/s',
  })
# ---
